
         /\      Grafana   /‾‾/  
    /\  /  \     |\  __   /  /   
   /  \/    \    | |/ /  /   ‾‾\ 
  /          \   |   (  |  (‾)  |
 / __________ \  |_|\_\  \_____/ 


     execution: local
        script: 05-ledger-write.js
        output: -

     scenarios: (100.00%) 1 scenario, 200 max VUs, 1m30s max duration (incl. graceful stop):
              * ledger: 500.00 iterations/s for 1m0s (maxVUs: 60-200, gracefulStop: 30s)


Run      [ 100% ] setup()
ledger   [   0% ]

Run      [ 100% ] setup()
ledger   [   0% ]

Run      [ 100% ] setup()
ledger   [   0% ]

Run      [ 100% ] setup()
ledger   [   0% ]

Run      [ 100% ] setup()
ledger   [   0% ]

Run      [ 100% ] setup()
ledger   [   0% ]

Run      [ 100% ] setup()
ledger   [   0% ]

Run      [ 100% ] setup()
ledger   [   0% ]

Run      [ 100% ] setup()
ledger   [   0% ]

Run      [ 100% ] setup()
ledger   [   0% ]

Run      [ 100% ] setup()
ledger   [   0% ]

running (0m12.0s), 089/090 VUs, 45 complete and 0 interrupted iterations
ledger   [   1% ] 089/090 VUs  0m00.3s/1m0s  500.00 iters/s
time="2026-09-08T14:31:36Z" level=warning msg="Insufficient VUs, reached 200 active VUs and cannot initialize more" executor=constant-arrival-rate scenario=ledger

running (0m13.0s), 200/200 VUs, 248 complete and 0 interrupted iterations
ledger   [   2% ] 200/200 VUs  0m01.3s/1m0s  500.00 iters/s

running (0m14.0s), 199/200 VUs, 468 complete and 0 interrupted iterations
ledger   [   4% ] 199/200 VUs  0m02.3s/1m0s  500.00 iters/s

running (0m15.0s), 200/200 VUs, 695 complete and 0 interrupted iterations
ledger   [   6% ] 200/200 VUs  0m03.3s/1m0s  500.00 iters/s

running (0m16.0s), 200/200 VUs, 924 complete and 0 interrupted iterations
ledger   [   7% ] 200/200 VUs  0m04.3s/1m0s  500.00 iters/s

running (0m17.0s), 200/200 VUs, 1132 complete and 0 interrupted iterations
ledger   [   9% ] 200/200 VUs  0m05.3s/1m0s  500.00 iters/s

running (0m18.0s), 200/200 VUs, 1338 complete and 0 interrupted iterations
ledger   [  11% ] 200/200 VUs  0m06.3s/1m0s  500.00 iters/s

running (0m19.0s), 200/200 VUs, 1546 complete and 0 interrupted iterations
ledger   [  12% ] 200/200 VUs  0m07.3s/1m0s  500.00 iters/s

running (0m20.0s), 200/200 VUs, 1762 complete and 0 interrupted iterations
ledger   [  14% ] 200/200 VUs  0m08.3s/1m0s  500.00 iters/s

running (0m21.0s), 200/200 VUs, 1978 complete and 0 interrupted iterations
ledger   [  16% ] 200/200 VUs  0m09.3s/1m0s  500.00 iters/s

running (0m22.0s), 200/200 VUs, 2146 complete and 0 interrupted iterations
ledger   [  17% ] 200/200 VUs  0m10.3s/1m0s  500.00 iters/s

running (0m23.0s), 199/200 VUs, 2350 complete and 0 interrupted iterations
ledger   [  19% ] 199/200 VUs  0m11.3s/1m0s  500.00 iters/s

running (0m24.0s), 199/200 VUs, 2562 complete and 0 interrupted iterations
ledger   [  21% ] 199/200 VUs  0m12.3s/1m0s  500.00 iters/s

running (0m25.0s), 200/200 VUs, 2762 complete and 0 interrupted iterations
ledger   [  22% ] 200/200 VUs  0m13.3s/1m0s  500.00 iters/s

running (0m26.0s), 200/200 VUs, 2972 complete and 0 interrupted iterations
ledger   [  24% ] 200/200 VUs  0m14.3s/1m0s  500.00 iters/s

running (0m27.0s), 200/200 VUs, 3174 complete and 0 interrupted iterations
ledger   [  26% ] 200/200 VUs  0m15.3s/1m0s  500.00 iters/s

running (0m28.0s), 200/200 VUs, 3338 complete and 0 interrupted iterations
ledger   [  27% ] 200/200 VUs  0m16.3s/1m0s  500.00 iters/s

running (0m29.0s), 200/200 VUs, 3515 complete and 0 interrupted iterations
ledger   [  29% ] 200/200 VUs  0m17.3s/1m0s  500.00 iters/s

running (0m30.0s), 199/200 VUs, 3671 complete and 0 interrupted iterations
ledger   [  31% ] 199/200 VUs  0m18.3s/1m0s  500.00 iters/s

running (0m31.0s), 200/200 VUs, 3830 complete and 0 interrupted iterations
ledger   [  32% ] 200/200 VUs  0m19.3s/1m0s  500.00 iters/s

running (0m32.0s), 200/200 VUs, 3984 complete and 0 interrupted iterations
ledger   [  34% ] 200/200 VUs  0m20.3s/1m0s  500.00 iters/s

running (0m33.0s), 200/200 VUs, 4149 complete and 0 interrupted iterations
ledger   [  36% ] 200/200 VUs  0m21.3s/1m0s  500.00 iters/s

running (0m34.0s), 200/200 VUs, 4341 complete and 0 interrupted iterations
ledger   [  37% ] 200/200 VUs  0m22.3s/1m0s  500.00 iters/s

running (0m35.0s), 199/200 VUs, 4547 complete and 0 interrupted iterations
ledger   [  39% ] 199/200 VUs  0m23.3s/1m0s  500.00 iters/s

running (0m36.0s), 200/200 VUs, 4737 complete and 0 interrupted iterations
ledger   [  41% ] 200/200 VUs  0m24.3s/1m0s  500.00 iters/s

running (0m37.0s), 200/200 VUs, 4933 complete and 0 interrupted iterations
ledger   [  42% ] 200/200 VUs  0m25.3s/1m0s  500.00 iters/s

running (0m38.0s), 199/200 VUs, 5099 complete and 0 interrupted iterations
ledger   [  44% ] 199/200 VUs  0m26.3s/1m0s  500.00 iters/s

running (0m39.0s), 200/200 VUs, 5281 complete and 0 interrupted iterations
ledger   [  46% ] 200/200 VUs  0m27.3s/1m0s  500.00 iters/s

running (0m40.0s), 200/200 VUs, 5464 complete and 0 interrupted iterations
ledger   [  47% ] 200/200 VUs  0m28.3s/1m0s  500.00 iters/s

running (0m41.0s), 200/200 VUs, 5662 complete and 0 interrupted iterations
ledger   [  49% ] 200/200 VUs  0m29.3s/1m0s  500.00 iters/s

running (0m42.0s), 199/200 VUs, 5870 complete and 0 interrupted iterations
ledger   [  51% ] 199/200 VUs  0m30.3s/1m0s  500.00 iters/s

running (0m43.0s), 199/200 VUs, 6067 complete and 0 interrupted iterations
ledger   [  52% ] 199/200 VUs  0m31.3s/1m0s  500.00 iters/s

running (0m44.0s), 200/200 VUs, 6270 complete and 0 interrupted iterations
ledger   [  54% ] 200/200 VUs  0m32.3s/1m0s  500.00 iters/s

running (0m45.0s), 200/200 VUs, 6450 complete and 0 interrupted iterations
ledger   [  56% ] 200/200 VUs  0m33.3s/1m0s  500.00 iters/s

running (0m46.0s), 200/200 VUs, 6661 complete and 0 interrupted iterations
ledger   [  57% ] 200/200 VUs  0m34.3s/1m0s  500.00 iters/s

running (0m47.0s), 200/200 VUs, 6856 complete and 0 interrupted iterations
ledger   [  59% ] 200/200 VUs  0m35.3s/1m0s  500.00 iters/s

running (0m48.0s), 200/200 VUs, 7045 complete and 0 interrupted iterations
ledger   [  61% ] 200/200 VUs  0m36.3s/1m0s  500.00 iters/s

running (0m49.0s), 200/200 VUs, 7228 complete and 0 interrupted iterations
ledger   [  62% ] 200/200 VUs  0m37.3s/1m0s  500.00 iters/s

running (0m50.0s), 200/200 VUs, 7417 complete and 0 interrupted iterations
ledger   [  64% ] 200/200 VUs  0m38.3s/1m0s  500.00 iters/s

running (0m51.0s), 200/200 VUs, 7600 complete and 0 interrupted iterations
ledger   [  66% ] 200/200 VUs  0m39.3s/1m0s  500.00 iters/s

running (0m52.0s), 200/200 VUs, 7765 complete and 0 interrupted iterations
ledger   [  67% ] 200/200 VUs  0m40.3s/1m0s  500.00 iters/s

running (0m53.0s), 200/200 VUs, 7943 complete and 0 interrupted iterations
ledger   [  69% ] 200/200 VUs  0m41.3s/1m0s  500.00 iters/s

running (0m54.0s), 200/200 VUs, 8135 complete and 0 interrupted iterations
ledger   [  71% ] 200/200 VUs  0m42.3s/1m0s  500.00 iters/s

running (0m55.0s), 200/200 VUs, 8314 complete and 0 interrupted iterations
ledger   [  72% ] 200/200 VUs  0m43.3s/1m0s  500.00 iters/s

running (0m56.0s), 200/200 VUs, 8500 complete and 0 interrupted iterations
ledger   [  74% ] 200/200 VUs  0m44.3s/1m0s  500.00 iters/s

running (0m57.0s), 200/200 VUs, 8705 complete and 0 interrupted iterations
ledger   [  76% ] 200/200 VUs  0m45.3s/1m0s  500.00 iters/s

running (0m58.0s), 200/200 VUs, 8906 complete and 0 interrupted iterations
ledger   [  77% ] 200/200 VUs  0m46.3s/1m0s  500.00 iters/s

running (0m59.0s), 199/200 VUs, 9108 complete and 0 interrupted iterations
ledger   [  79% ] 199/200 VUs  0m47.3s/1m0s  500.00 iters/s

running (1m00.0s), 200/200 VUs, 9272 complete and 0 interrupted iterations
ledger   [  81% ] 200/200 VUs  0m48.3s/1m0s  500.00 iters/s

running (1m01.0s), 200/200 VUs, 9448 complete and 0 interrupted iterations
ledger   [  82% ] 200/200 VUs  0m49.3s/1m0s  500.00 iters/s

running (1m02.0s), 200/200 VUs, 9647 complete and 0 interrupted iterations
ledger   [  84% ] 200/200 VUs  0m50.3s/1m0s  500.00 iters/s

running (1m03.0s), 200/200 VUs, 9789 complete and 0 interrupted iterations
ledger   [  86% ] 200/200 VUs  0m51.3s/1m0s  500.00 iters/s

running (1m04.0s), 200/200 VUs, 9941 complete and 0 interrupted iterations
ledger   [  87% ] 200/200 VUs  0m52.3s/1m0s  500.00 iters/s

running (1m05.0s), 200/200 VUs, 10114 complete and 0 interrupted iterations
ledger   [  89% ] 200/200 VUs  0m53.3s/1m0s  500.00 iters/s

running (1m06.0s), 199/200 VUs, 10227 complete and 0 interrupted iterations
ledger   [  91% ] 199/200 VUs  0m54.3s/1m0s  500.00 iters/s

running (1m07.0s), 199/200 VUs, 10241 complete and 0 interrupted iterations
ledger   [  92% ] 199/200 VUs  0m55.3s/1m0s  500.00 iters/s

running (1m08.0s), 200/200 VUs, 10386 complete and 0 interrupted iterations
ledger   [  94% ] 200/200 VUs  0m56.3s/1m0s  500.00 iters/s

running (1m09.0s), 199/200 VUs, 10569 complete and 0 interrupted iterations
ledger   [  96% ] 199/200 VUs  0m57.3s/1m0s  500.00 iters/s

running (1m10.0s), 200/200 VUs, 10753 complete and 0 interrupted iterations
ledger   [  97% ] 200/200 VUs  0m58.3s/1m0s  500.00 iters/s

running (1m11.0s), 200/200 VUs, 10935 complete and 0 interrupted iterations
ledger   [  99% ] 200/200 VUs  0m59.3s/1m0s  500.00 iters/s

running (1m12.0s), 128/200 VUs, 11157 complete and 0 interrupted iterations
ledger ↓ [ 100% ] 200/200 VUs  1m0s  500.00 iters/s


  █ THRESHOLDS 

    http_req_duration
    ✗ 'p(99)<150' p(99)=2.57s

    http_req_failed
    ✓ 'rate<0.001' rate=0.00%


  █ TOTAL RESULTS 

    checks_total.......: 11765   162.127242/s
    checks_succeeded...: 100.00% 11765 out of 11765
    checks_failed......: 0.00%   0 out of 11765

    ✓ register ok
    ✓ login ok
    ✓ consent ok
    ✓ got authorization code
    ✓ token exchange ok
    ✓ wallet funded
    ✓ funded or a defined business outcome

    HTTP
    http_req_duration..............: avg=1.01s min=5.3ms  med=1.02s max=2.72s p(90)=1.21s p(95)=1.31s
      { expected_response:true }...: avg=1.01s min=5.3ms  med=1.02s max=2.72s p(90)=1.21s p(95)=1.31s
    http_req_failed................: 0.00%  0 out of 11765
    http_reqs......................: 11765  162.127242/s

    EXECUTION
    dropped_iterations.............: 18716  257.915296/s
    iteration_duration.............: avg=1.06s min=8.28ms med=1.03s max=2.72s p(90)=1.22s p(95)=1.32s
    iterations.....................: 11285  155.512615/s
    vus............................: 128    min=0          max=200
    vus_max........................: 200    min=60         max=200

    NETWORK
    data_received..................: 5.4 MB 75 kB/s
    data_sent......................: 3.3 MB 46 kB/s




running (1m12.6s), 000/200 VUs, 11285 complete and 0 interrupted iterations
ledger ✓ [ 100% ] 000/200 VUs  1m0s  500.00 iters/s
time="2026-09-08T14:32:36Z" level=error msg="thresholds on metrics 'http_req_duration' have been crossed"
